<testsuites name="results">
  <testsuite name="all" package="all">
    <property name="random_seed" value="1681734039" />
    <testcase name="test_huffman_encoder" classname="huffTester" file="/afs/ece.cmu.edu/usr/araghave/18624/project/huffTester.py" lineno="52" time="0.0009272098541259766" sim_time_ns="0.0" ratio_time="0.0">
      <failure message="Test failed with RANDOM_SEED=1681734039" />
    </testcase>
  </testsuite>
</testsuites>
